Archive member included to satisfy reference by file (symbol)

C:/ST/STM32CubeIDE_1.12.0/STM32CubeIDE/plugins/com.st.stm32cube.ide.mcu.externaltools.gnu-tools-for-stm32.11.3.rel1.win32_1.1.1.202309131626/tools/bin/../lib/gcc/arm-none-eabi/11.3.1/../../../../arm-none-eabi/lib/thumb/v7-m/nofp\libc_nano.a(libc_a-exit.o)
                              C:/ST/STM32CubeIDE_1.12.0/STM32CubeIDE/plugins/com.st.stm32cube.ide.mcu.externaltools.gnu-tools-for-stm32.11.3.rel1.win32_1.1.1.202309131626/tools/bin/../lib/gcc/arm-none-eabi/11.3.1/../../../../arm-none-eabi/lib/thumb/v7-m/nofp/crt0.o (exit)
C:/ST/STM32CubeIDE_1.12.0/STM32CubeIDE/plugins/com.st.stm32cube.ide.mcu.externaltools.gnu-tools-for-stm32.11.3.rel1.win32_1.1.1.202309131626/tools/bin/../lib/gcc/arm-none-eabi/11.3.1/../../../../arm-none-eabi/lib/thumb/v7-m/nofp\libc_nano.a(libc_a-findfp.o)
                              C:/ST/STM32CubeIDE_1.12.0/STM32CubeIDE/plugins/com.st.stm32cube.ide.mcu.externaltools.gnu-tools-for-stm32.11.3.rel1.win32_1.1.1.202309131626/tools/bin/../lib/gcc/arm-none-eabi/11.3.1/../../../../arm-none-eabi/lib/thumb/v7-m/nofp\libc_nano.a(libc_a-exit.o) (__stdio_exit_handler)
C:/ST/STM32CubeIDE_1.12.0/STM32CubeIDE/plugins/com.st.stm32cube.ide.mcu.externaltools.gnu-tools-for-stm32.11.3.rel1.win32_1.1.1.202309131626/tools/bin/../lib/gcc/arm-none-eabi/11.3.1/../../../../arm-none-eabi/lib/thumb/v7-m/nofp\libc_nano.a(libc_a-fwalk.o)
                              C:/ST/STM32CubeIDE_1.12.0/STM32CubeIDE/plugins/com.st.stm32cube.ide.mcu.externaltools.gnu-tools-for-stm32.11.3.rel1.win32_1.1.1.202309131626/tools/bin/../lib/gcc/arm-none-eabi/11.3.1/../../../../arm-none-eabi/lib/thumb/v7-m/nofp\libc_nano.a(libc_a-findfp.o) (_fwalk_sglue)
C:/ST/STM32CubeIDE_1.12.0/STM32CubeIDE/plugins/com.st.stm32cube.ide.mcu.externaltools.gnu-tools-for-stm32.11.3.rel1.win32_1.1.1.202309131626/tools/bin/../lib/gcc/arm-none-eabi/11.3.1/../../../../arm-none-eabi/lib/thumb/v7-m/nofp\libc_nano.a(libc_a-stdio.o)
                              C:/ST/STM32CubeIDE_1.12.0/STM32CubeIDE/plugins/com.st.stm32cube.ide.mcu.externaltools.gnu-tools-for-stm32.11.3.rel1.win32_1.1.1.202309131626/tools/bin/../lib/gcc/arm-none-eabi/11.3.1/../../../../arm-none-eabi/lib/thumb/v7-m/nofp\libc_nano.a(libc_a-findfp.o) (__sread)
C:/ST/STM32CubeIDE_1.12.0/STM32CubeIDE/plugins/com.st.stm32cube.ide.mcu.externaltools.gnu-tools-for-stm32.11.3.rel1.win32_1.1.1.202309131626/tools/bin/../lib/gcc/arm-none-eabi/11.3.1/../../../../arm-none-eabi/lib/thumb/v7-m/nofp\libc_nano.a(libc_a-memset.o)
                              C:/ST/STM32CubeIDE_1.12.0/STM32CubeIDE/plugins/com.st.stm32cube.ide.mcu.externaltools.gnu-tools-for-stm32.11.3.rel1.win32_1.1.1.202309131626/tools/bin/../lib/gcc/arm-none-eabi/11.3.1/../../../../arm-none-eabi/lib/thumb/v7-m/nofp/crt0.o (memset)
C:/ST/STM32CubeIDE_1.12.0/STM32CubeIDE/plugins/com.st.stm32cube.ide.mcu.externaltools.gnu-tools-for-stm32.11.3.rel1.win32_1.1.1.202309131626/tools/bin/../lib/gcc/arm-none-eabi/11.3.1/../../../../arm-none-eabi/lib/thumb/v7-m/nofp\libc_nano.a(libc_a-closer.o)
                              C:/ST/STM32CubeIDE_1.12.0/STM32CubeIDE/plugins/com.st.stm32cube.ide.mcu.externaltools.gnu-tools-for-stm32.11.3.rel1.win32_1.1.1.202309131626/tools/bin/../lib/gcc/arm-none-eabi/11.3.1/../../../../arm-none-eabi/lib/thumb/v7-m/nofp\libc_nano.a(libc_a-stdio.o) (_close_r)
C:/ST/STM32CubeIDE_1.12.0/STM32CubeIDE/plugins/com.st.stm32cube.ide.mcu.externaltools.gnu-tools-for-stm32.11.3.rel1.win32_1.1.1.202309131626/tools/bin/../lib/gcc/arm-none-eabi/11.3.1/../../../../arm-none-eabi/lib/thumb/v7-m/nofp\libc_nano.a(libc_a-reent.o)
                              C:/ST/STM32CubeIDE_1.12.0/STM32CubeIDE/plugins/com.st.stm32cube.ide.mcu.externaltools.gnu-tools-for-stm32.11.3.rel1.win32_1.1.1.202309131626/tools/bin/../lib/gcc/arm-none-eabi/11.3.1/../../../../arm-none-eabi/lib/thumb/v7-m/nofp\libc_nano.a(libc_a-closer.o) (errno)
C:/ST/STM32CubeIDE_1.12.0/STM32CubeIDE/plugins/com.st.stm32cube.ide.mcu.externaltools.gnu-tools-for-stm32.11.3.rel1.win32_1.1.1.202309131626/tools/bin/../lib/gcc/arm-none-eabi/11.3.1/../../../../arm-none-eabi/lib/thumb/v7-m/nofp\libc_nano.a(libc_a-impure.o)
                              C:/ST/STM32CubeIDE_1.12.0/STM32CubeIDE/plugins/com.st.stm32cube.ide.mcu.externaltools.gnu-tools-for-stm32.11.3.rel1.win32_1.1.1.202309131626/tools/bin/../lib/gcc/arm-none-eabi/11.3.1/../../../../arm-none-eabi/lib/thumb/v7-m/nofp\libc_nano.a(libc_a-reent.o) (_impure_ptr)
C:/ST/STM32CubeIDE_1.12.0/STM32CubeIDE/plugins/com.st.stm32cube.ide.mcu.externaltools.gnu-tools-for-stm32.11.3.rel1.win32_1.1.1.202309131626/tools/bin/../lib/gcc/arm-none-eabi/11.3.1/../../../../arm-none-eabi/lib/thumb/v7-m/nofp\libc_nano.a(libc_a-lseekr.o)
[...]
Memory Configuration

Name             Origin             Length             Attributes
RAM              0x0000000020000000 0x0000000000005000 xrw
FLASH            0x0000000008005000 0x000000000000b000 xr
*default*        0x0000000000000000 0xffffffffffffffff

Linker script and memory map

LOAD C:/ST/STM32CubeIDE_1.12.0/STM32CubeIDE/plugins/com.st.stm32cube.ide.mcu.externaltools.gnu-tools-for-stm32.11.3.rel1.win32_1.1.1.202309131626/tools/bin/../lib/gcc/arm-none-eabi/11.3.1/thumb/v7-m/nofp/crti.o
LOAD C:/ST/STM32CubeIDE_1.12.0/STM32CubeIDE/plugins/com.st.stm32cube.ide.mcu.externaltools.gnu-tools-for-stm32.11.3.rel1.win32_1.1.1.202309131626/tools/bin/../lib/gcc/arm-none-eabi/11.3.1/thumb/v7-m/nofp/crtbegin.o
LOAD C:/ST/STM32CubeIDE_1.12.0/STM32CubeIDE/plugins/com.st.stm32cube.ide.mcu.externaltools.gnu-tools-for-stm32.11.3.rel1.win32_1.1.1.202309131626/tools/bin/../lib/gcc/arm-none-eabi/11.3.1/../../../../arm-none-eabi/lib/thumb/v7-m/nofp/crt0.o
LOAD ./Core/Src/main.o
LOAD ./Core/Src/stm32f1xx_hal_msp.o
LOAD ./Core/Src/stm32f1xx_it.o
LOAD ./Core/Src/syscalls.o
LOAD ./Core/Src/sysmem.o
LOAD ./Core/Src/system_stm32f1xx.o
LOAD ./Core/Startup/startup_stm32f103c8tx.o
LOAD ./Drivers/STM32F1xx_HAL_Driver/Src/stm32f1xx_hal.o
LOAD ./Drivers/STM32F1xx_HAL_Driver/Src/stm32f1xx_hal_can.o
LOAD ./Drivers/STM32F1xx_HAL_Driver/Src/stm32f1xx_hal_cortex.o
LOAD ./Drivers/STM32F1xx_HAL_Driver/Src/stm32f1xx_hal_dma.o
LOAD ./Drivers/STM32F1xx_HAL_Driver/Src/stm32f1xx_hal_exti.o
LOAD ./Drivers/STM32F1xx_HAL_Driver/Src/stm32f1xx_hal_flash.o
LOAD ./Drivers/STM32F1xx_HAL_Driver/Src/stm32f1xx_hal_flash_ex.o
LOAD ./Drivers/STM32F1xx_HAL_Driver/Src/stm32f1xx_hal_gpio.o
LOAD ./Drivers/STM32F1xx_HAL_Driver/Src/stm32f1xx_hal_gpio_ex.o
LOAD ./Drivers/STM32F1xx_HAL_Driver/Src/stm32f1xx_hal_pwr.o
LOAD ./Drivers/STM32F1xx_HAL_Driver/Src/stm32f1xx_hal_rcc.o
LOAD ./Drivers/STM32F1xx_HAL_Driver/Src/stm32f1xx_hal_rcc_ex.o
LOAD ./Drivers/STM32F1xx_HAL_Driver/Src/stm32f1xx_hal_tim.o
LOAD ./Drivers/STM32F1xx_HAL_Driver/Src/stm32f1xx_hal_tim_ex.o
LOAD ./Drivers/STM32F1xx_HAL_Driver/Src/stm32f1xx_hal_uart.o
START GROUP
LOAD C:/ST/STM32CubeIDE_1.12.0/STM32CubeIDE/plugins/com.st.stm32cube.ide.mcu.externaltools.gnu-tools-for-stm32.11.3.rel1.win32_1.1.1.202309131626/tools/bin/../lib/gcc/arm-none-eabi/11.3.1/../../../../arm-none-eabi/lib/thumb/v7-m/nofp\libc_nano.a
LOAD C:/ST/STM32CubeIDE_1.12.0/STM32CubeIDE/plugins/com.st.stm32cube.ide.mcu.externaltools.gnu-tools-for-stm32.11.3.rel1.win32_1.1.1.202309131626/tools/bin/../lib/gcc/arm-none-eabi/11.3.1/../../../../arm-none-eabi/lib/thumb/v7-m/nofp\libm.a
END GROUP
START GROUP
LOAD C:/ST/STM32CubeIDE_1.12.0/STM32CubeIDE/plugins/com.st.stm32cube.ide.mcu.externaltools.gnu-tools-for-stm32.11.3.rel1.win32_1.1.1.202309131626/tools/bin/../lib/gcc/arm-none-eabi/11.3.1/thumb/v7-m/nofp\libgcc.a
LOAD C:/ST/STM32CubeIDE_1.12.0/STM32CubeIDE/plugins/com.st.stm32cube.ide.mcu.externaltools.gnu-tools-for-stm32.11.3.rel1.win32_1.1.1.202309131626/tools/bin/../lib/gcc/arm-none-eabi/11.3.1/../../../../arm-none-eabi/lib/thumb/v7-m/nofp\libc_nano.a
END GROUP
START GROUP
LOAD C:/ST/STM32CubeIDE_1.12.0/STM32CubeIDE/plugins/com.st.stm32cube.ide.mcu.externaltools.gnu-tools-for-stm32.11.3.rel1.win32_1.1.1.202309131626/tools/bin/../lib/gcc/arm-none-eabi/11.3.1/thumb/v7-m/nofp\libgcc.a
LOAD C:/ST/STM32CubeIDE_1.12.0/STM32CubeIDE/plugins/com.st.stm32cube.ide.mcu.externaltools.gnu-tools-for-stm32.11.3.rel1.win32_1.1.1.202309131626/tools/bin/../lib/gcc/arm-none-eabi/11.3.1/../../../../arm-none-eabi/lib/thumb/v7-m/nofp\libc_nano.a
LOAD C:/ST/STM32CubeIDE_1.12.0/STM32CubeIDE/plugins/com.st.stm32cube.ide.mcu.externaltools.gnu-tools-for-stm32.11.3.rel1.win32_1.1.1.202309131626/tools/bin/../lib/gcc/arm-none-eabi/11.3.1/../../../../arm-none-eabi/lib/thumb/v7-m/nofp\libnosys.a
END GROUP
START GROUP
LOAD C:/ST/STM32CubeIDE_1.12.0/STM32CubeIDE/plugins/com.st.stm32cube.ide.mcu.externaltools.gnu-tools-for-stm32.11.3.rel1.win32_1.1.1.202309131626/tools/bin/../lib/gcc/arm-none-eabi/11.3.1/thumb/v7-m/nofp\libgcc.a
LOAD C:/ST/STM32CubeIDE_1.12.0/STM32CubeIDE/plugins/com.st.stm32cube.ide.mcu.externaltools.gnu-tools-for-stm32.11.3.rel1.win32_1.1.1.202309131626/tools/bin/../lib/gcc/arm-none-eabi/11.3.1/../../../../arm-none-eabi/lib/thumb/v7-m/nofp\libc_nano.a
LOAD C:/ST/STM32CubeIDE_1.12.0/STM32CubeIDE/plugins/com.st.stm32cube.ide.mcu.externaltools.gnu-tools-for-stm32.11.3.rel1.win32_1.1.1.202309131626/tools/bin/../lib/gcc/arm-none-eabi/11.3.1/../../../../arm-none-eabi/lib/thumb/v7-m/nofp\libnosys.a
END GROUP
LOAD C:/ST/STM32CubeIDE_1.12.0/STM32CubeIDE/plugins/com.st.stm32cube.ide.mcu.externaltools.gnu-tools-for-stm32.11.3.rel1.win32_1.1.1.202309131626/tools/bin/../lib/gcc/arm-none-eabi/11.3.1/thumb/v7-m/nofp/crtend.o
LOAD C:/ST/STM32CubeIDE_1.12.0/STM32CubeIDE/plugins/com.st.stm32cube.ide.mcu.externaltools.gnu-tools-for-stm32.11.3.rel1.win32_1.1.1.202309131626/tools/bin/../lib/gcc/arm-none-eabi/11.3.1/thumb/v7-m/nofp/crtn.o
                0x0000000020005000                _estack = (ORIGIN (RAM) + LENGTH (RAM))
                0x0000000000000200                _Min_Heap_Size = 0x200
                0x0000000000000400                _Min_Stack_Size = 0x400

.isr_vector     0x0000000008005000      0x10c
                0x0000000008005000                . = ALIGN (0x4)
 *(.isr_vector)
 .isr_vector    0x0000000008005000      0x10c ./Core/Startup/startup_stm32f103c8tx.o
                0x0000000008005000                g_pfnVectors
                0x000000000800510c                . = ALIGN (0x4)

.text           0x0000000008005110     0x3460
                0x0000000008005110                . = ALIGN (0x4)
 *(.text)
 .text          0x0000000008005110       0x40 C:/ST/STM32CubeIDE_1.12.0/STM32CubeIDE/plugins/com.st.stm32cube.ide.mcu.externaltools.gnu-tools-for-stm32.11.3.rel1.win32_1.1.1.202309131626/tools/bin/../lib/gcc/arm-none-eabi/11.3.1/thumb/v7-m/nofp/crtbegin.o
 .text          0x0000000008005150       0x10 C:/ST/STM32CubeIDE_1.12.0/STM32CubeIDE/plugins/com.st.stm32cube.ide.mcu.externaltools.gnu-tools-for-stm32.11.3.rel1.win32_1.1.1.202309131626/tools/bin/../lib/gcc/arm-none-eabi/11.3.1/../../../../arm-none-eabi/lib/thumb/v7-m/nofp\libc_nano.a(libc_a-strlen.o)
                0x0000000008005150                strlen
 .text          0x0000000008005160      0x378 C:/ST/STM32CubeIDE_1.12.0/STM32CubeIDE/plugins/com.st.stm32cube.ide.mcu.externaltools.gnu-tools-for-stm32.11.3.rel1.win32_1.1.1.202309131626/tools/bin/../lib/gcc/arm-none-eabi/11.3.1/thumb/v7-m/nofp\libgcc.a(_arm_addsubdf3.o)
                0x0000000008005160                __aeabi_drsub
                0x0000000008005168                __aeabi_dsub
                0x0000000008005168                __subdf3
                0x000000000800516c                __aeabi_dadd
                0x000000000800516c                __adddf3
                0x00000000080053e4                __floatunsidf
                0x00000000080053e4                __aeabi_ui2d
                0x0000000008005404                __floatsidf
                0x0000000008005404                __aeabi_i2d
                0x0000000008005428                __aeabi_f2d
                0x0000000008005428                __extendsfdf2
                0x000000000800546c                __floatundidf
                0x000000000800546c                __aeabi_ul2d
                0x000000000800547c                __floatdidf
                0x000000000800547c                __aeabi_l2d
 .text          0x00000000080054d8      0x424 C:/ST/STM32CubeIDE_1.12.0/STM32CubeIDE/plugins/com.st.stm32cube.ide.mcu.externaltools.gnu-tools-for-stm32.11.3.rel1.win32_1.1.1.202309131626/tools/bin/../lib/gcc/arm-none-eabi/11.3.1/thumb/v7-m/nofp\libgcc.a(_arm_muldivdf3.o)
                0x00000000080054d8                __aeabi_dmul
                0x00000000080054d8                __muldf3
                0x000000000800572c                __divdf3
                0x000000000800572c                __aeabi_ddiv
 .text          0x00000000080058fc       0x50 C:/ST/STM32CubeIDE_1.12.0/STM32CubeIDE/plugins/com.st.stm32cube.ide.mcu.externaltools.gnu-tools-for-stm32.11.3.rel1.win32_1.1.1.202309131626/tools/bin/../lib/gcc/arm-none-eabi/11.3.1/thumb/v7-m/nofp\libgcc.a(_arm_fixdfsi.o)
                0x00000000080058fc                __aeabi_d2iz
                0x00000000080058fc                __fixdfsi
 *(.text*)
 *fill*         0x000000000800594c        0x4 
 .text.main     0x0000000008005950       0xbc ./Core/Src/main.o
                0x0000000008005950                main
 .text.SystemClock_Config
                0x0000000008005a0c       0x82 ./Core/Src/main.o
                0x0000000008005a0c                SystemClock_Config
 *fill*         0x0000000008005a8e        0x2 
 .text.MX_CAN_Init
                0x0000000008005a90       0x6c ./Core/Src/main.o
 .text.MX_TIM2_Init
                0x0000000008005afc       0xb0 ./Core/Src/main.o
 .text.MX_USART2_UART_Init
                0x0000000008005bac       0x54 ./Core/Src/main.o
 .text.MX_GPIO_Init
                0x0000000008005c00       0x94 ./Core/Src/main.o
 .text.Init_PWM
                0x0000000008005c94       0x4a ./Core/Src/main.o
                0x0000000008005c94                Init_PWM
 *fill*         0x0000000008005cde        0x2 
 .text.CanPid   0x0000000008005ce0      0x1ac ./Core/Src/main.o
                0x0000000008005ce0                CanPid
 .text.MAP      0x0000000008005e8c       0x36 ./Core/Src/main.o
                0x0000000008005e8c                MAP
 .text.Constrain
                0x0000000008005ec2       0x30 ./Core/Src/main.o
                0x0000000008005ec2                Constrain
 *fill*         0x0000000008005ef2        0x2 
 .text.SerialWrite
                0x0000000008005ef4       0x48 ./Core/Src/main.o
                0x0000000008005ef4                SerialWrite
 .text.CAN_SetFilter
                0x0000000008005f3c       0x8c ./Core/Src/main.o
                0x0000000008005f3c                CAN_SetFilter
 .text.Error_Handler
                0x0000000008005fc8        0xa ./Core/Src/main.o
                0x0000000008005fc8                Error_Handler
 *fill*         0x0000000008005fd2        0x2 
 .text.HAL_MspInit
                0x0000000008005fd4       0x64 ./Core/Src/stm32f1xx_hal_msp.o
                0x0000000008005fd4                HAL_MspInit
 .text.HAL_CAN_MspInit
                0x0000000008006038       0xc0 ./Core/Src/stm32f1xx_hal_msp.o
                0x0000000008006038                HAL_CAN_MspInit
 .text.HAL_TIM_PWM_MspInit
                0x00000000080060f8       0x38 ./Core/Src/stm32f1xx_hal_msp.o
                0x00000000080060f8                HAL_TIM_PWM_MspInit
 .text.HAL_TIM_MspPostInit
                0x0000000008006130       0x60 ./Core/Src/stm32f1xx_hal_msp.o
                0x0000000008006130                HAL_TIM_MspPostInit
 .text.HAL_UART_MspInit
                0x0000000008006190       0x94 ./Core/Src/stm32f1xx_hal_msp.o
                0x0000000008006190                HAL_UART_MspInit
 .text.NMI_Handler
                0x0000000008006224        0x6 ./Core/Src/stm32f1xx_it.o
                0x0000000008006224                NMI_Handler
 .text.HardFault_Handler
                0x000000000800622a        0x6 ./Core/Src/stm32f1xx_it.o
                0x000000000800622a                HardFault_Handler
 .text.MemManage_Handler
                0x0000000008006230        0x6 ./Core/Src/stm32f1xx_it.o
                0x0000000008006230                MemManage_Handler
 .text.BusFault_Handler
                0x0000000008006236        0x6 ./Core/Src/stm32f1xx_it.o
                0x0000000008006236                BusFault_Handler
 .text.UsageFault_Handler
                0x000000000800623c        0x6 ./Core/Src/stm32f1xx_it.o
                0x000000000800623c                UsageFault_Handler
 .text.SVC_Handler
                0x0000000008006242        0xc ./Core/Src/stm32f1xx_it.o
                0x0000000008006242                SVC_Handler
 .text.DebugMon_Handler
                0x000000000800624e        0xc ./Core/Src/stm32f1xx_it.o
                0x000000000800624e                DebugMon_Handler
 .text.PendSV_Handler
                0x000000000800625a        0xc ./Core/Src/stm32f1xx_it.o
                0x000000000800625a                PendSV_Handler
 .text.SysTick_Handler
                0x0000000008006266        0xc ./Core/Src/stm32f1xx_it.o
                0x0000000008006266                SysTick_Handler
 .text.SystemInit
                0x0000000008006272        0xc ./Core/Src/system_stm32f1xx.o
                0x0000000008006272                SystemInit
 *fill*         0x000000000800627e        0x2 
 .text.Reset_Handler
                0x0000000008006280       0x48 ./Core/Startup/startup_stm32f103c8tx.o
                0x0000000008006280                Reset_Handler
 .text.Default_Handler
                0x00000000080062c8        0x2 ./Core/Startup/startup_stm32f103c8tx.o
                0x00000000080062c8                RTC_Alarm_IRQHandler
                0x00000000080062c8                EXTI2_IRQHandler
                0x00000000080062c8                TIM1_CC_IRQHandler
                0x00000000080062c8                PVD_IRQHandler
                0x00000000080062c8                EXTI3_IRQHandler
                0x00000000080062c8                EXTI0_IRQHandler
                0x00000000080062c8                I2C2_EV_IRQHandler
                0x00000000080062c8                ADC1_2_IRQHandler
                0x00000000080062c8                SPI1_IRQHandler
                0x00000000080062c8                TAMPER_IRQHandler
                0x00000000080062c8                DMA1_Channel4_IRQHandler
                0x00000000080062c8                USART3_IRQHandler
                0x00000000080062c8                RTC_IRQHandler
                0x00000000080062c8                DMA1_Channel7_IRQHandler
                0x00000000080062c8                CAN1_RX1_IRQHandler
                0x00000000080062c8                TIM4_IRQHandler
                0x00000000080062c8                I2C1_EV_IRQHandler
                0x00000000080062c8                DMA1_Channel6_IRQHandler
                0x00000000080062c8                TIM3_IRQHandler
                0x00000000080062c8                RCC_IRQHandler
                0x00000000080062c8                TIM1_TRG_COM_IRQHandler
                0x00000000080062c8                DMA1_Channel1_IRQHandler
                0x00000000080062c8                Default_Handler
                0x00000000080062c8                EXTI15_10_IRQHandler
                0x00000000080062c8                EXTI9_5_IRQHandler
                0x00000000080062c8                SPI2_IRQHandler
                0x00000000080062c8                DMA1_Channel5_IRQHandler
                0x00000000080062c8                EXTI4_IRQHandler
                0x00000000080062c8                USB_LP_CAN1_RX0_IRQHandler
                0x00000000080062c8                USB_HP_CAN1_TX_IRQHandler
                0x00000000080062c8                DMA1_Channel3_IRQHandler
                0x00000000080062c8                TIM1_UP_IRQHandler
                0x00000000080062c8                WWDG_IRQHandler
                0x00000000080062c8                TIM2_IRQHandler
                0x00000000080062c8                TIM1_BRK_IRQHandler
                0x00000000080062c8                EXTI1_IRQHandler
                0x00000000080062c8                USART2_IRQHandler
                0x00000000080062c8                I2C2_ER_IRQHandler
                0x00000000080062c8                DMA1_Channel2_IRQHandler
                0x00000000080062c8                CAN1_SCE_IRQHandler
                0x00000000080062c8                FLASH_IRQHandler
                0x00000000080062c8                USART1_IRQHandler
                0x00000000080062c8                I2C1_ER_IRQHandler
                0x00000000080062c8                USBWakeUp_IRQHandler
 *fill*         0x00000000080062ca        0x2 
 .text.HAL_Init
                0x00000000080062cc       0x2c ./Drivers/STM32F1xx_HAL_Driver/Src/stm32f1xx_hal.o
                0x00000000080062cc                HAL_Init
 .text.HAL_InitTick
                0x00000000080062f8       0x60 ./Drivers/STM32F1xx_HAL_Driver/Src/stm32f1xx_hal.o
                0x00000000080062f8                HAL_InitTick
 .text.HAL_IncTick
                0x0000000008006358       0x24 ./Drivers/STM32F1xx_HAL_Driver/Src/stm32f1xx_hal.o
                0x0000000008006358                HAL_IncTick
 .text.HAL_GetTick
                0x000000000800637c       0x14 ./Drivers/STM32F1xx_HAL_Driver/Src/stm32f1xx_hal.o
                0x000000000800637c                HAL_GetTick
 .text.HAL_Delay
                0x0000000008006390       0x48 ./Drivers/STM32F1xx_HAL_Driver/Src/stm32f1xx_hal.o
                0x0000000008006390                HAL_Delay
 .text.HAL_CAN_Init
                0x00000000080063d8      0x1f6 ./Drivers/STM32F1xx_HAL_Driver/Src/stm32f1xx_hal_can.o
                0x00000000080063d8                HAL_CAN_Init
 .text.HAL_CAN_ConfigFilter
                0x00000000080065ce      0x192 ./Drivers/STM32F1xx_HAL_Driver/Src/stm32f1xx_hal_can.o
                0x00000000080065ce                HAL_CAN_ConfigFilter
 .text.HAL_CAN_Start
                0x0000000008006760       0x88 ./Drivers/STM32F1xx_HAL_Driver/Src/stm32f1xx_hal_can.o
                0x0000000008006760                HAL_CAN_Start
 .text.HAL_CAN_GetRxMessage
                0x00000000080067e8      0x242 ./Drivers/STM32F1xx_HAL_Driver/Src/stm32f1xx_hal_can.o
                0x00000000080067e8                HAL_CAN_GetRxMessage
 .text.HAL_CAN_GetRxFifoFillLevel
                0x0000000008006a2a       0x4e ./Drivers/STM32F1xx_HAL_Driver/Src/stm32f1xx_hal_can.o
                0x0000000008006a2a                HAL_CAN_GetRxFifoFillLevel
 .text.__NVIC_SetPriorityGrouping
                0x0000000008006a78       0x48 ./Drivers/STM32F1xx_HAL_Driver/Src/stm32f1xx_hal_cortex.o
 .text.__NVIC_GetPriorityGrouping
                0x0000000008006ac0       0x1c ./Drivers/STM32F1xx_HAL_Driver/Src/stm32f1xx_hal_cortex.o
 .text.__NVIC_SetPriority
                0x0000000008006adc       0x54 ./Drivers/STM32F1xx_HAL_Driver/Src/stm32f1xx_hal_cortex.o
 .text.NVIC_EncodePriority
                0x0000000008006b30       0x64 ./Drivers/STM32F1xx_HAL_Driver/Src/stm32f1xx_hal_cortex.o
 .text.SysTick_Config
                0x0000000008006b94       0x44 ./Drivers/STM32F1xx_HAL_Driver/Src/stm32f1xx_hal_cortex.o
 .text.HAL_NVIC_SetPriorityGrouping
                0x0000000008006bd8       0x16 ./Drivers/STM32F1xx_HAL_Driver/Src/stm32f1xx_hal_cortex.o
                0x0000000008006bd8                HAL_NVIC_SetPriorityGrouping
 .text.HAL_NVIC_SetPriority
                0x0000000008006bee       0x38 ./Drivers/STM32F1xx_HAL_Driver/Src/stm32f1xx_hal_cortex.o
                0x0000000008006bee                HAL_NVIC_SetPriority
 .text.HAL_SYSTICK_Config
                0x0000000008006c26       0x18 ./Drivers/STM32F1xx_HAL_Driver/Src/stm32f1xx_hal_cortex.o
                0x0000000008006c26                HAL_SYSTICK_Config
 *fill*         0x0000000008006c3e        0x2 
 .text.HAL_GPIO_Init
                0x0000000008006c40      0x308 ./Drivers/STM32F1xx_HAL_Driver/Src/stm32f1xx_hal_gpio.o
                0x0000000008006c40                HAL_GPIO_Init
 .text.HAL_GPIO_WritePin
                0x0000000008006f48       0x30 ./Drivers/STM32F1xx_HAL_Driver/Src/stm32f1xx_hal_gpio.o
                0x0000000008006f48                HAL_GPIO_WritePin
 .text.HAL_GPIO_TogglePin
                0x0000000008006f78       0x32 ./Drivers/STM32F1xx_HAL_Driver/Src/stm32f1xx_hal_gpio.o
                0x0000000008006f78                HAL_GPIO_TogglePin
 *fill*         0x0000000008006faa        0x2 
 .text.HAL_RCC_OscConfig
                0x0000000008006fac      0x504 ./Drivers/STM32F1xx_HAL_Driver/Src/stm32f1xx_hal_rcc.o
                0x0000000008006fac                HAL_RCC_OscConfig
 .text.HAL_RCC_ClockConfig
                0x00000000080074b0      0x1d4 ./Drivers/STM32F1xx_HAL_Driver/Src/stm32f1xx_hal_rcc.o
                0x00000000080074b0                HAL_RCC_ClockConfig
 .text.HAL_RCC_GetSysClockFreq
                0x0000000008007684       0xa8 ./Drivers/STM32F1xx_HAL_Driver/Src/stm32f1xx_hal_rcc.o
                0x0000000008007684                HAL_RCC_GetSysClockFreq
 .text.HAL_RCC_GetHCLKFreq
                0x000000000800772c       0x14 ./Drivers/STM32F1xx_HAL_Driver/Src/stm32f1xx_hal_rcc.o
                0x000000000800772c                HAL_RCC_GetHCLKFreq
 .text.HAL_RCC_GetPCLK1Freq
                0x0000000008007740       0x28 ./Drivers/STM32F1xx_HAL_Driver/Src/stm32f1xx_hal_rcc.o
                0x0000000008007740                HAL_RCC_GetPCLK1Freq
 .text.HAL_RCC_GetPCLK2Freq
                0x0000000008007768       0x28 ./Drivers/STM32F1xx_HAL_Driver/Src/stm32f1xx_hal_rcc.o
                0x0000000008007768                HAL_RCC_GetPCLK2Freq
 .text.RCC_Delay
                0x0000000008007790       0x3c ./Drivers/STM32F1xx_HAL_Driver/Src/stm32f1xx_hal_rcc.o
 .text.HAL_TIM_Base_Start
                0x00000000080077cc       0x94 ./Drivers/STM32F1xx_HAL_Driver/Src/stm32f1xx_hal_tim.o
                0x00000000080077cc                HAL_TIM_Base_Start
 .text.HAL_TIM_PWM_Init
                0x0000000008007860       0x9e ./Drivers/STM32F1xx_HAL_Driver/Src/stm32f1xx_hal_tim.o
                0x0000000008007860                HAL_TIM_PWM_Init
 *fill*         0x00000000080078fe        0x2 
 .text.HAL_TIM_PWM_Start
                0x0000000008007900      0x144 ./Drivers/STM32F1xx_HAL_Driver/Src/stm32f1xx_hal_tim.o
                0x0000000008007900                HAL_TIM_PWM_Start
 .text.HAL_TIM_PWM_ConfigChannel
                0x0000000008007a44      0x184 ./Drivers/STM32F1xx_HAL_Driver/Src/stm32f1xx_hal_tim.o
                0x0000000008007a44                HAL_TIM_PWM_ConfigChannel
 .text.TIM_Base_SetConfig
                0x0000000008007bc8       0xdc ./Drivers/STM32F1xx_HAL_Driver/Src/stm32f1xx_hal_tim.o
                0x0000000008007bc8                TIM_Base_SetConfig
 .text.TIM_OC1_SetConfig
                0x0000000008007ca4       0xcc ./Drivers/STM32F1xx_HAL_Driver/Src/stm32f1xx_hal_tim.o
 .text.TIM_OC2_SetConfig
                0x0000000008007d70       0xd4 ./Drivers/STM32F1xx_HAL_Driver/Src/stm32f1xx_hal_tim.o
                0x0000000008007d70                TIM_OC2_SetConfig
 .text.TIM_OC3_SetConfig
                0x0000000008007e44       0xd4 ./Drivers/STM32F1xx_HAL_Driver/Src/stm32f1xx_hal_tim.o
 .text.TIM_OC4_SetConfig
                0x0000000008007f18       0x9c ./Drivers/STM32F1xx_HAL_Driver/Src/stm32f1xx_hal_tim.o
 .text.TIM_CCxChannelCmd
                0x0000000008007fb4       0x48 ./Drivers/STM32F1xx_HAL_Driver/Src/stm32f1xx_hal_tim.o
                0x0000000008007fb4                TIM_CCxChannelCmd
 .text.HAL_TIMEx_MasterConfigSynchronization
                0x0000000008007ffc       0xbc ./Drivers/STM32F1xx_HAL_Driver/Src/stm32f1xx_hal_tim_ex.o
                0x0000000008007ffc                HAL_TIMEx_MasterConfigSynchronization
 .text.HAL_UART_Init
                0x00000000080080b8       0xa0 ./Drivers/STM32F1xx_HAL_Driver/Src/stm32f1xx_hal_uart.o
                0x00000000080080b8                HAL_UART_Init
 .text.HAL_UART_Transmit
                0x0000000008008158      0x116 ./Drivers/STM32F1xx_HAL_Driver/Src/stm32f1xx_hal_uart.o
                0x0000000008008158                HAL_UART_Transmit
 .text.UART_WaitOnFlagUntilTimeout
                0x000000000800826e       0xb2 ./Drivers/STM32F1xx_HAL_Driver/Src/stm32f1xx_hal_uart.o
 .text.UART_EndRxTransfer
                0x0000000008008320       0xc4 ./Drivers/STM32F1xx_HAL_Driver/Src/stm32f1xx_hal_uart.o
 .text.UART_SetConfig
                0x00000000080083e4      0x11c ./Drivers/STM32F1xx_HAL_Driver/Src/stm32f1xx_hal_uart.o
 .text.memset   0x0000000008008500       0x10 C:/ST/STM32CubeIDE_1.12.0/STM32CubeIDE/plugins/com.st.stm32cube.ide.mcu.externaltools.gnu-tools-for-stm32.11.3.rel1.win32_1.1.1.202309131626/tools/bin/../lib/gcc/arm-none-eabi/11.3.1/../../../../arm-none-eabi/lib/thumb/v7-m/nofp\libc_nano.a(libc_a-memset.o)
                0x0000000008008500                memset
 .text.__libc_init_array
                0x0000000008008510       0x48 C:/ST/STM32CubeIDE_1.12.0/STM32CubeIDE/plugins/com.st.stm32cube.ide.mcu.externaltools.gnu-tools-for-stm32.11.3.rel1.win32_1.1.1.202309131626/tools/bin/../lib/gcc/arm-none-eabi/11.3.1/../../../../arm-none-eabi/lib/thumb/v7-m/nofp\libc_nano.a(libc_a-init.o)
                0x0000000008008510                __libc_init_array
 *(.glue_7)
 .glue_7        0x0000000008008558        0x0 linker stubs
 *(.glue_7t)
 .glue_7t       0x0000000008008558        0x0 linker stubs
 *(.eh_frame)
 .eh_frame      0x0000000008008558        0x0 C:/ST/STM32CubeIDE_1.12.0/STM32CubeIDE/plugins/com.st.stm32cube.ide.mcu.externaltools.gnu-tools-for-stm32.11.3.rel1.win32_1.1.1.202309131626/tools/bin/../lib/gcc/arm-none-eabi/11.3.1/thumb/v7-m/nofp/crtbegin.o
 *(.init)
 .init          0x0000000008008558        0x4 C:/ST/STM32CubeIDE_1.12.0/STM32CubeIDE/plugins/com.st.stm32cube.ide.mcu.externaltools.gnu-tools-for-stm32.11.3.rel1.win32_1.1.1.202309131626/tools/bin/../lib/gcc/arm-none-eabi/11.3.1/thumb/v7-m/nofp/crti.o
                0x0000000008008558                _init
 .init          0x000000000800855c        0x8 C:/ST/STM32CubeIDE_1.12.0/STM32CubeIDE/plugins/com.st.stm32cube.ide.mcu.externaltools.gnu-tools-for-stm32.11.3.rel1.win32_1.1.1.202309131626/tools/bin/../lib/gcc/arm-none-eabi/11.3.1/thumb/v7-m/nofp/crtn.o
 *(.fini)
 .fini          0x0000000008008564        0x4 C:/ST/STM32CubeIDE_1.12.0/STM32CubeIDE/plugins/com.st.stm32cube.ide.mcu.externaltools.gnu-tools-for-stm32.11.3.rel1.win32_1.1.1.202309131626/tools/bin/../lib/gcc/arm-none-eabi/11.3.1/thumb/v7-m/nofp/crti.o
                0x0000000008008564                _fini
 .fini          0x0000000008008568        0x8 C:/ST/STM32CubeIDE_1.12.0/STM32CubeIDE/plugins/com.st.stm32cube.ide.mcu.externaltools.gnu-tools-for-stm32.11.3.rel1.win32_1.1.1.202309131626/tools/bin/../lib/gcc/arm-none-eabi/11.3.1/thumb/v7-m/nofp/crtn.o
                0x0000000008008570                . = ALIGN (0x4)
                0x0000000008008570                _etext = .

.vfp11_veneer   0x0000000008008570        0x0
 .vfp11_veneer  0x0000000008008570        0x0 linker stubs

.v4_bx          0x0000000008008570        0x0
 .v4_bx         0x0000000008008570        0x0 linker stubs

.iplt           0x0000000008008570        0x0
 .iplt          0x0000000008008570        0x0 C:/ST/STM32CubeIDE_1.12.0/STM32CubeIDE/plugins/com.st.stm32cube.ide.mcu.externaltools.gnu-tools-for-stm32.11.3.rel1.win32_1.1.1.202309131626/tools/bin/../lib/gcc/arm-none-eabi/11.3.1/thumb/v7-m/nofp/crtbegin.o

.rodata         0x0000000008008570       0x4c
                0x0000000008008570                . = ALIGN (0x4)
 *(.rodata)
 .rodata        0x0000000008008570       0x1d ./Core/Src/main.o
 *(.rodata*)
 *fill*         0x000000000800858d        0x3 
 .rodata.AHBPrescTable
                0x0000000008008590       0x10 ./Core/Src/system_stm32f1xx.o
                0x0000000008008590                AHBPrescTable
 .rodata.APBPrescTable
                0x00000000080085a0        0x8 ./Core/Src/system_stm32f1xx.o
                0x00000000080085a0                APBPrescTable
 .rodata.aPLLMULFactorTable.1
                0x00000000080085a8       0x10 ./Drivers/STM32F1xx_HAL_Driver/Src/stm32f1xx_hal_rcc.o
 .rodata.aPredivFactorTable.0
                0x00000000080085b8        0x2 ./Drivers/STM32F1xx_HAL_Driver/Src/stm32f1xx_hal_rcc.o
                0x00000000080085bc                . = ALIGN (0x4)
 *fill*         0x00000000080085ba        0x2 

.rel.dyn        0x00000000080085bc        0x0
 .rel.iplt      0x00000000080085bc        0x0 C:/ST/STM32CubeIDE_1.12.0/STM32CubeIDE/plugins/com.st.stm32cube.ide.mcu.externaltools.gnu-tools-for-stm32.11.3.rel1.win32_1.1.1.202309131626/tools/bin/../lib/gcc/arm-none-eabi/11.3.1/thumb/v7-m/nofp/crtbegin.o

.ARM.extab      0x00000000080085bc        0x0
                0x00000000080085bc                . = ALIGN (0x4)
 *(.ARM.extab* .gnu.linkonce.armextab.*)
                0x00000000080085bc                . = ALIGN (0x4)

.ARM            0x00000000080085bc        0x0
                0x00000000080085bc                . = ALIGN (0x4)
                0x00000000080085bc                __exidx_start = .
 *(.ARM.exidx*)
                0x00000000080085bc                __exidx_end = .
                0x00000000080085bc                . = ALIGN (0x4)

.preinit_array  0x00000000080085bc        0x0
                0x00000000080085bc                . = ALIGN (0x4)
                0x00000000080085bc                PROVIDE (__preinit_array_start = .)
 *(.preinit_array*)
                0x00000000080085bc                PROVIDE (__preinit_array_end = .)
                0x00000000080085bc                . = ALIGN (0x4)

.init_array     0x00000000080085bc        0x4
                0x00000000080085bc                . = ALIGN (0x4)
                0x00000000080085bc                PROVIDE (__init_array_start = .)
 *(SORT_BY_NAME(.init_array.*))
 *(.init_array*)
 .init_array    0x00000000080085bc        0x4 C:/ST/STM32CubeIDE_1.12.0/STM32CubeIDE/plugins/com.st.stm32cube.ide.mcu.externaltools.gnu-tools-for-stm32.11.3.rel1.win32_1.1.1.202309131626/tools/bin/../lib/gcc/arm-none-eabi/11.3.1/thumb/v7-m/nofp/crtbegin.o
                0x00000000080085c0                PROVIDE (__init_array_end = .)
                0x00000000080085c0                . = ALIGN (0x4)

.fini_array     0x00000000080085c0        0x4
                0x00000000080085c0                . = ALIGN (0x4)
                [!provide]                        PROVIDE (__fini_array_start = .)
 *(SORT_BY_NAME(.fini_array.*))
 *(.fini_array*)
 .fini_array    0x00000000080085c0        0x4 C:/ST/STM32CubeIDE_1.12.0/STM32CubeIDE/plugins/com.st.stm32cube.ide.mcu.externaltools.gnu-tools-for-stm32.11.3.rel1.win32_1.1.1.202309131626/tools/bin/../lib/gcc/arm-none-eabi/11.3.1/thumb/v7-m/nofp/crtbegin.o
                [!provide]                        PROVIDE (__fini_array_end = .)
                0x00000000080085c4                . = ALIGN (0x4)
                0x00000000080085c4                _sidata = LOADADDR (.data)

.data           0x0000000020000000        0xc load address 0x00000000080085c4
                0x0000000020000000                . = ALIGN (0x4)
                0x0000000020000000                _sdata = .
 *(.data)
 *(.data*)
 .data.SystemCoreClock
                0x0000000020000000        0x4 ./Core/Src/system_stm32f1xx.o
                0x0000000020000000                SystemCoreClock
 .data.uwTickPrio
                0x0000000020000004        0x4 ./Drivers/STM32F1xx_HAL_Driver/Src/stm32f1xx_hal.o
                0x0000000020000004                uwTickPrio
 .data.uwTickFreq
                0x0000000020000008        0x1 ./Drivers/STM32F1xx_HAL_Driver/Src/stm32f1xx_hal.o
                0x0000000020000008                uwTickFreq
 *(.RamFunc)
 *(.RamFunc*)
                0x000000002000000c                . = ALIGN (0x4)
 *fill*         0x0000000020000009        0x3 
                0x000000002000000c                _edata = .

.igot.plt       0x000000002000000c        0x0 load address 0x00000000080085d0
 .igot.plt      0x000000002000000c        0x0 C:/ST/STM32CubeIDE_1.12.0/STM32CubeIDE/plugins/com.st.stm32cube.ide.mcu.externaltools.gnu-tools-for-stm32.11.3.rel1.win32_1.1.1.202309131626/tools/bin/../lib/gcc/arm-none-eabi/11.3.1/thumb/v7-m/nofp/crtbegin.o
                0x000000002000000c                . = ALIGN (0x4)

.bss            0x000000002000000c       0xfc load address 0x00000000080085d0
                0x000000002000000c                _sbss = .
                0x000000002000000c                __bss_start__ = _sbss
 *(.bss)
 .bss           0x000000002000000c       0x1c C:/ST/STM32CubeIDE_1.12.0/STM32CubeIDE/plugins/com.st.stm32cube.ide.mcu.externaltools.gnu-tools-for-stm32.11.3.rel1.win32_1.1.1.202309131626/tools/bin/../lib/gcc/arm-none-eabi/11.3.1/thumb/v7-m/nofp/crtbegin.o
 *(.bss*)
 .bss.hcan      0x0000000020000028       0x28 ./Core/Src/main.o
                0x0000000020000028                hcan
 .bss.htim2     0x0000000020000050       0x48 ./Core/Src/main.o
                0x0000000020000050                htim2
 .bss.huart2    0x0000000020000098       0x48 ./Core/Src/main.o
                0x0000000020000098                huart2
 .bss.RxHeader  0x00000000200000e0       0x1c ./Core/Src/main.o
                0x00000000200000e0                RxHeader
 .bss.RxData    0x00000000200000fc        0x8 ./Core/Src/main.o
                0x00000000200000fc                RxData
 .bss.uwTick    0x0000000020000104        0x4 ./Drivers/STM32F1xx_HAL_Driver/Src/stm32f1xx_hal.o
                0x0000000020000104                uwTick
 *(COMMON)
                0x0000000020000108                . = ALIGN (0x4)
                0x0000000020000108                _ebss = .
                0x0000000020000108                __bss_end__ = _ebss

._user_heap_stack
                0x0000000020000108      0x600 load address 0x00000000080085d0
                0x0000000020000108                . = ALIGN (0x8)
                [!provide]                        PROVIDE (end = .)
                0x0000000020000108                PROVIDE (_end = .)
                0x0000000020000308                . = (. + _Min_Heap_Size)
 *fill*         0x0000000020000108      0x200 
                0x0000000020000708                . = (. + _Min_Stack_Size)
 *fill*         0x0000000020000308      0x400 
                0x0000000020000708                . = ALIGN (0x8)

/DISCARD/
 libc.a(*)
 libm.a(*)
 libgcc.a(*)

.ARM.attributes
                0x0000000000000000       0x29
 *(.ARM.attributes)
 .ARM.attributes
                0x0000000000000000       0x1d C:/ST/STM32CubeIDE_1.12.0/STM32CubeIDE/plugins/com.st.stm32cube.ide.mcu.externaltools.gnu-tools-for-stm32.11.3.rel1.win32_1.1.1.202309131626/tools/bin/../lib/gcc/arm-none-eabi/11.3.1/thumb/v7-m/nofp/crti.o
 .ARM.attributes
                0x000000000000001d       0x2d C:/ST/STM32CubeIDE_1.12.0/STM32CubeIDE/plugins/com.st.stm32cube.ide.mcu.externaltools.gnu-tools-for-stm32.11.3.rel1.win32_1.1.1.202309131626/tools/bin/../lib/gcc/arm-none-eabi/11.3.1/thumb/v7-m/nofp/crtbegin.o
 .ARM.attributes
                0x000000000000004a       0x2d ./Core/Src/main.o
 .ARM.attributes
                0x0000000000000077       0x2d ./Core/Src/stm32f1xx_hal_msp.o
 .ARM.attributes
                0x00000000000000a4       0x2d ./Core/Src/stm32f1xx_it.o
 .ARM.attributes
                0x00000000000000d1       0x2d ./Core/Src/system_stm32f1xx.o
 .ARM.attributes
                0x00000000000000fe       0x21 ./Core/Startup/startup_stm32f103c8tx.o
 .ARM.attributes
                0x000000000000011f       0x2d ./Drivers/STM32F1xx_HAL_Driver/Src/stm32f1xx_hal.o
 .ARM.attributes
                0x000000000000014c       0x2d ./Drivers/STM32F1xx_HAL_Driver/Src/stm32f1xx_hal_can.o
 .ARM.attributes
                0x0000000000000179       0x2d ./Drivers/STM32F1xx_HAL_Driver/Src/stm32f1xx_hal_cortex.o
 .ARM.attributes
                0x00000000000001a6       0x2d ./Drivers/STM32F1xx_HAL_Driver/Src/stm32f1xx_hal_gpio.o
 .ARM.attributes
                0x00000000000001d3       0x2d ./Drivers/STM32F1xx_HAL_Driver/Src/stm32f1xx_hal_rcc.o
 .ARM.attributes
                0x0000000000000200       0x2d ./Drivers/STM32F1xx_HAL_Driver/Src/stm32f1xx_hal_tim.o
 .ARM.attributes
                0x000000000000022d       0x2d ./Drivers/STM32F1xx_HAL_Driver/Src/stm32f1xx_hal_tim_ex.o
 .ARM.attributes
                0x000000000000025a       0x2d ./Drivers/STM32F1xx_HAL_Driver/Src/stm32f1xx_hal_uart.o
 .ARM.attributes
                0x0000000000000287       0x2d C:/ST/STM32CubeIDE_1.12.0/STM32CubeIDE/plugins/com.st.stm32cube.ide.mcu.externaltools.gnu-tools-for-stm32.11.3.rel1.win32_1.1.1.202309131626/tools/bin/../lib/gcc/arm-none-eabi/11.3.1/../../../../arm-none-eabi/lib/thumb/v7-m/nofp\libc_nano.a(libc_a-memset.o)
 .ARM.attributes
                0x00000000000002b4       0x2d C:/ST/STM32CubeIDE_1.12.0/STM32CubeIDE/plugins/com.st.stm32cube.ide.mcu.externaltools.gnu-tools-for-stm32.11.3.rel1.win32_1.1.1.202309131626/tools/bin/../lib/gcc/arm-none-eabi/11.3.1/../../../../arm-none-eabi/lib/thumb/v7-m/nofp\libc_nano.a(libc_a-init.o)
 .ARM.attributes
                0x00000000000002e1       0x17 C:/ST/STM32CubeIDE_1.12.0/STM32CubeIDE/plugins/com.st.stm32cube.ide.mcu.externaltools.gnu-tools-for-stm32.11.3.rel1.win32_1.1.1.202309131626/tools/bin/../lib/gcc/arm-none-eabi/11.3.1/../../../../arm-none-eabi/lib/thumb/v7-m/nofp\libc_nano.a(libc_a-strlen.o)
 .ARM.attributes
                0x00000000000002f8       0x1d C:/ST/STM32CubeIDE_1.12.0/STM32CubeIDE/plugins/com.st.stm32cube.ide.mcu.externaltools.gnu-tools-for-stm32.11.3.rel1.win32_1.1.1.202309131626/tools/bin/../lib/gcc/arm-none-eabi/11.3.1/thumb/v7-m/nofp\libgcc.a(_arm_addsubdf3.o)
 .ARM.attributes
                0x0000000000000315       0x1d C:/ST/STM32CubeIDE_1.12.0/STM32CubeIDE/plugins/com.st.stm32cube.ide.mcu.externaltools.gnu-tools-for-stm32.11.3.rel1.win32_1.1.1.202309131626/tools/bin/../lib/gcc/arm-none-eabi/11.3.1/thumb/v7-m/nofp\libgcc.a(_arm_muldivdf3.o)
 .ARM.attributes
                0x0000000000000332       0x1d C:/ST/STM32CubeIDE_1.12.0/STM32CubeIDE/plugins/com.st.stm32cube.ide.mcu.externaltools.gnu-tools-for-stm32.11.3.rel1.win32_1.1.1.202309131626/tools/bin/../lib/gcc/arm-none-eabi/11.3.1/thumb/v7-m/nofp\libgcc.a(_arm_fixdfsi.o)
 .ARM.attributes
                0x000000000000034f       0x1d C:/ST/STM32CubeIDE_1.12.0/STM32CubeIDE/plugins/com.st.stm32cube.ide.mcu.externaltools.gnu-tools-for-stm32.11.3.rel1.win32_1.1.1.202309131626/tools/bin/../lib/gcc/arm-none-eabi/11.3.1/thumb/v7-m/nofp/crtn.o
OUTPUT(f103_application.elf elf32-littlearm)
LOAD linker stubs
LOAD C:/ST/STM32CubeIDE_1.12.0/STM32CubeIDE/plugins/com.st.stm32cube.ide.mcu.externaltools.gnu-tools-for-stm32.11.3.rel1.win32_1.1.1.202309131626/tools/bin/../lib/gcc/arm-none-eabi/11.3.1/../../../../arm-none-eabi/lib/thumb/v7-m/nofp\libc.a
LOAD C:/ST/STM32CubeIDE_1.12.0/STM32CubeIDE/plugins/com.st.stm32cube.ide.mcu.externaltools.gnu-tools-for-stm32.11.3.rel1.win32_1.1.1.202309131626/tools/bin/../lib/gcc/arm-none-eabi/11.3.1/../../../../arm-none-eabi/lib/thumb/v7-m/nofp\libm.a
LOAD C:/ST/STM32CubeIDE_1.12.0/STM32CubeIDE/plugins/com.st.stm32cube.ide.mcu.externaltools.gnu-tools-for-stm32.11.3.rel1.win32_1.1.1.202309131626/tools/bin/../lib/gcc/arm-none-eabi/11.3.1/thumb/v7-m/nofp\libgcc.a

.comment        0x0000000000000000       0x43
 .comment       0x0000000000000000       0x43 C:/ST/STM32CubeIDE_1.12.0/STM32CubeIDE/plugins/com.st.stm32cube.ide.mcu.externaltools.gnu-tools-for-stm32.11.3.rel1.win32_1.1.1.202309131626/tools/bin/../lib/gcc/arm-none-eabi/11.3.1/thumb/v7-m/nofp/crtbegin.o
                                         0x44 (size before relaxing)
 .comment       0x0000000000000043       0x44 ./Core/Src/main.o
 .comment       0x0000000000000043       0x44 ./Core/Src/stm32f1xx_hal_msp.o
 .comment       0x0000000000000043       0x44 ./Core/Src/stm32f1xx_it.o
 .comment       0x0000000000000043       0x44 ./Core/Src/system_stm32f1xx.o
 .comment       0x0000000000000043       0x44 ./Drivers/STM32F1xx_HAL_Driver/Src/stm32f1xx_hal.o
 .comment       0x0000000000000043       0x44 ./Drivers/STM32F1xx_HAL_Driver/Src/stm32f1xx_hal_can.o
 .comment       0x0000000000000043       0x44 ./Drivers/STM32F1xx_HAL_Driver/Src/stm32f1xx_hal_cortex.o
 .comment       0x0000000000000043       0x44 ./Drivers/STM32F1xx_HAL_Driver/Src/stm32f1xx_hal_gpio.o
 .comment       0x0000000000000043       0x44 ./Drivers/STM32F1xx_HAL_Driver/Src/stm32f1xx_hal_rcc.o
 .comment       0x0000000000000043       0x44 ./Drivers/STM32F1xx_HAL_Driver/Src/stm32f1xx_hal_tim.o
 .comment       0x0000000000000043       0x44 ./Drivers/STM32F1xx_HAL_Driver/Src/stm32f1xx_hal_tim_ex.o
 .comment       0x0000000000000043       0x44 ./Drivers/STM32F1xx_HAL_Driver/Src/stm32f1xx_hal_uart.o

.debug_info     0x0000000000000000     0xc764
 .debug_info    0x0000000000000000     0x18c7 ./Core/Src/main.o
 .debug_info    0x00000000000018c7     0x1046 ./Core/Src/stm32f1xx_hal_msp.o
 .debug_info    0x000000000000290d      0x113 ./Core/Src/stm32f1xx_it.o
 .debug_info    0x0000000000002a20      0x222 ./Core/Src/system_stm32f1xx.o
 .debug_info    0x0000000000002c42       0x23 ./Core/Startup/startup_stm32f103c8tx.o
 .debug_info    0x0000000000002c65      0x704 ./Drivers/STM32F1xx_HAL_Driver/Src/stm32f1xx_hal.o
 .debug_info    0x0000000000003369      0xf13 ./Drivers/STM32F1xx_HAL_Driver/Src/stm32f1xx_hal_can.o
 .debug_info    0x000000000000427c      0xa87 ./Drivers/STM32F1xx_HAL_Driver/Src/stm32f1xx_hal_cortex.o
 .debug_info    0x0000000000004d03      0x5ab ./Drivers/STM32F1xx_HAL_Driver/Src/stm32f1xx_hal_gpio.o
 .debug_info    0x00000000000052ae      0x7d5 ./Drivers/STM32F1xx_HAL_Driver/Src/stm32f1xx_hal_rcc.o
 .debug_info    0x0000000000005a83     0x2959 ./Drivers/STM32F1xx_HAL_Driver/Src/stm32f1xx_hal_tim.o
 .debug_info    0x00000000000083dc     0x149b ./Drivers/STM32F1xx_HAL_Driver/Src/stm32f1xx_hal_tim_ex.o
 .debug_info    0x0000000000009877     0x2eed ./Drivers/STM32F1xx_HAL_Driver/Src/stm32f1xx_hal_uart.o

.debug_abbrev   0x0000000000000000     0x1b51
 .debug_abbrev  0x0000000000000000      0x3bf ./Core/Src/main.o
 .debug_abbrev  0x00000000000003bf      0x24b ./Core/Src/stm32f1xx_hal_msp.o
 .debug_abbrev  0x000000000000060a       0x73 ./Core/Src/stm32f1xx_it.o
 .debug_abbrev  0x000000000000067d      0x13f ./Core/Src/system_stm32f1xx.o
 .debug_abbrev  0x00000000000007bc       0x12 ./Core/Startup/startup_stm32f103c8tx.o
 .debug_abbrev  0x00000000000007ce      0x201 ./Drivers/STM32F1xx_HAL_Driver/Src/stm32f1xx_hal.o
 .debug_abbrev  0x00000000000009cf      0x21c ./Drivers/STM32F1xx_HAL_Driver/Src/stm32f1xx_hal_can.o
 .debug_abbrev  0x0000000000000beb      0x2f8 ./Drivers/STM32F1xx_HAL_Driver/Src/stm32f1xx_hal_cortex.o
 .debug_abbrev  0x0000000000000ee3      0x1ca ./Drivers/STM32F1xx_HAL_Driver/Src/stm32f1xx_hal_gpio.o
 .debug_abbrev  0x00000000000010ad      0x2b3 ./Drivers/STM32F1xx_HAL_Driver/Src/stm32f1xx_hal_rcc.o
 .debug_abbrev  0x0000000000001360      0x277 ./Drivers/STM32F1xx_HAL_Driver/Src/stm32f1xx_hal_tim.o
 .debug_abbrev  0x00000000000015d7      0x282 ./Drivers/STM32F1xx_HAL_Driver/Src/stm32f1xx_hal_tim_ex.o
 .debug_abbrev  0x0000000000001859      0x2f8 ./Drivers/STM32F1xx_HAL_Driver/Src/stm32f1xx_hal_uart.o

.debug_aranges  0x0000000000000000      0xcd0
 .debug_aranges
                0x0000000000000000       0x88 ./Core/Src/main.o
 .debug_aranges
                0x0000000000000088       0x58 ./Core/Src/stm32f1xx_hal_msp.o
 .debug_aranges
                0x00000000000000e0       0x60 ./Core/Src/stm32f1xx_it.o
 .debug_aranges
                0x0000000000000140       0x28 ./Core/Src/system_stm32f1xx.o
 .debug_aranges
                0x0000000000000168       0x28 ./Core/Startup/startup_stm32f103c8tx.o
 .debug_aranges
                0x0000000000000190       0xe0 ./Drivers/STM32F1xx_HAL_Driver/Src/stm32f1xx_hal.o
 .debug_aranges
                0x0000000000000270      0x138 ./Drivers/STM32F1xx_HAL_Driver/Src/stm32f1xx_hal_can.o
 .debug_aranges
                0x00000000000003a8      0x100 ./Drivers/STM32F1xx_HAL_Driver/Src/stm32f1xx_hal_cortex.o
 .debug_aranges
                0x00000000000004a8       0x58 ./Drivers/STM32F1xx_HAL_Driver/Src/stm32f1xx_hal_gpio.o
 .debug_aranges
                0x0000000000000500       0x90 ./Drivers/STM32F1xx_HAL_Driver/Src/stm32f1xx_hal_rcc.o
 .debug_aranges
                0x0000000000000590      0x3d0 ./Drivers/STM32F1xx_HAL_Driver/Src/stm32f1xx_hal_tim.o
 .debug_aranges
                0x0000000000000960      0x168 ./Drivers/STM32F1xx_HAL_Driver/Src/stm32f1xx_hal_tim_ex.o
 .debug_aranges
                0x0000000000000ac8      0x208 ./Drivers/STM32F1xx_HAL_Driver/Src/stm32f1xx_hal_uart.o

.debug_rnglists
                0x0000000000000000      0xa0d
 .debug_rnglists
                0x0000000000000000       0x67 ./Core/Src/main.o
 .debug_rnglists
                0x0000000000000067       0x3f ./Core/Src/stm32f1xx_hal_msp.o
 .debug_rnglists
                0x00000000000000a6       0x43 ./Core/Src/stm32f1xx_it.o
 .debug_rnglists
                0x00000000000000e9       0x1a ./Core/Src/system_stm32f1xx.o
 .debug_rnglists
                0x0000000000000103       0x19 ./Core/Startup/startup_stm32f103c8tx.o
 .debug_rnglists
                0x000000000000011c       0xa3 ./Drivers/STM32F1xx_HAL_Driver/Src/stm32f1xx_hal.o
 .debug_rnglists
                0x00000000000001bf       0xed ./Drivers/STM32F1xx_HAL_Driver/Src/stm32f1xx_hal_can.o
 .debug_rnglists
                0x00000000000002ac       0xbb ./Drivers/STM32F1xx_HAL_Driver/Src/stm32f1xx_hal_cortex.o
 .debug_rnglists
                0x0000000000000367       0x3f ./Drivers/STM32F1xx_HAL_Driver/Src/stm32f1xx_hal_gpio.o
 .debug_rnglists
                0x00000000000003a6       0x6c ./Drivers/STM32F1xx_HAL_Driver/Src/stm32f1xx_hal_rcc.o
 .debug_rnglists
                0x0000000000000412      0x31a ./Drivers/STM32F1xx_HAL_Driver/Src/stm32f1xx_hal_tim.o
 .debug_rnglists
                0x000000000000072c      0x125 ./Drivers/STM32F1xx_HAL_Driver/Src/stm32f1xx_hal_tim_ex.o
 .debug_rnglists
                0x0000000000000851      0x1bc ./Drivers/STM32F1xx_HAL_Driver/Src/stm32f1xx_hal_uart.o

.debug_macro    0x0000000000000000    0x17b35
 .debug_macro   0x0000000000000000      0x2bf ./Core/Src/main.o
 .debug_macro   0x00000000000002bf      0xa9c ./Core/Src/main.o
 .debug_macro   0x0000000000000d5b      0x221 ./Core/Src/main.o
 .debug_macro   0x0000000000000f7c       0x2e ./Core/Src/main.o
 .debug_macro   0x0000000000000faa       0x22 ./Core/Src/main.o
 .debug_macro   0x0000000000000fcc       0x22 ./Core/Src/main.o
 .debug_macro   0x0000000000000fee       0x8e ./Core/Src/main.o
 .debug_macro   0x000000000000107c       0x51 ./Core/Src/main.o
 .debug_macro   0x00000000000010cd      0x103 ./Core/Src/main.o
 .debug_macro   0x00000000000011d0       0x6a ./Core/Src/main.o
 .debug_macro   0x000000000000123a      0x1df ./Core/Src/main.o
 .debug_macro   0x0000000000001419       0x1c ./Core/Src/main.o
 .debug_macro   0x0000000000001435       0x22 ./Core/Src/main.o
 .debug_macro   0x0000000000001457       0xbd ./Core/Src/main.o
 .debug_macro   0x0000000000001514      0xd23 ./Core/Src/main.o
 .debug_macro   0x0000000000002237     0xe09e ./Core/Src/main.o
 .debug_macro   0x00000000000102d5       0x6d ./Core/Src/main.o
 .debug_macro   0x0000000000010342     0x34a2 ./Core/Src/main.o
 .debug_macro   0x00000000000137e4      0x174 ./Core/Src/main.o
 .debug_macro   0x0000000000013958       0x5c ./Core/Src/main.o
 .debug_macro   0x00000000000139b4      0x5bc ./Core/Src/main.o
 .debug_macro   0x0000000000013f70      0x289 ./Core/Src/main.o
 .debug_macro   0x00000000000141f9      0x1cb ./Core/Src/main.o
 .debug_macro   0x00000000000143c4      0x114 ./Core/Src/main.o
 .debug_macro   0x00000000000144d8      0x1b2 ./Core/Src/main.o
 .debug_macro   0x000000000001468a       0x27 ./Core/Src/main.o
 .debug_macro   0x00000000000146b1      0x136 ./Core/Src/main.o
 .debug_macro   0x00000000000147e7      0x1bc ./Core/Src/main.o
 .debug_macro   0x00000000000149a3       0x34 ./Core/Src/main.o
 .debug_macro   0x00000000000149d7       0x3c ./Core/Src/main.o
 .debug_macro   0x0000000000014a13      0x408 ./Core/Src/main.o
 .debug_macro   0x0000000000014e1b       0x57 ./Core/Src/main.o
 .debug_macro   0x0000000000014e72       0x87 ./Core/Src/main.o
 .debug_macro   0x0000000000014ef9      0x240 ./Core/Src/main.o
 .debug_macro   0x0000000000015139      0x140 ./Core/Src/main.o
 .debug_macro   0x0000000000015279      0x8ed ./Core/Src/main.o
 .debug_macro   0x0000000000015b66      0x28e ./Core/Src/main.o
 .debug_macro   0x0000000000015df4       0x83 ./Core/Src/main.o
 .debug_macro   0x0000000000015e77       0x61 ./Core/Src/main.o
 .debug_macro   0x0000000000015ed8       0x24 ./Core/Src/main.o
 .debug_macro   0x0000000000015efc       0x43 ./Core/Src/main.o
 .debug_macro   0x0000000000015f3f       0x34 ./Core/Src/main.o
 .debug_macro   0x0000000000015f73       0x16 ./Core/Src/main.o
 .debug_macro   0x0000000000015f89       0x35 ./Core/Src/main.o
 .debug_macro   0x0000000000015fbe      0x369 ./Core/Src/main.o
 .debug_macro   0x0000000000016327       0x10 ./Core/Src/main.o
 .debug_macro   0x0000000000016337       0x16 ./Core/Src/main.o
 .debug_macro   0x000000000001634d       0x43 ./Core/Src/main.o
 .debug_macro   0x0000000000016390       0x34 ./Core/Src/main.o
 .debug_macro   0x00000000000163c4       0x10 ./Core/Src/main.o
 .debug_macro   0x00000000000163d4       0x58 ./Core/Src/main.o
 .debug_macro   0x000000000001642c       0x8e ./Core/Src/main.o
 .debug_macro   0x00000000000164ba       0x1c ./Core/Src/main.o
 .debug_macro   0x00000000000164d6      0x177 ./Core/Src/main.o
 .debug_macro   0x000000000001664d       0x16 ./Core/Src/main.o
 .debug_macro   0x0000000000016663       0x16 ./Core/Src/main.o
 .debug_macro   0x0000000000016679      0x147 ./Core/Src/main.o
 .debug_macro   0x00000000000167c0       0x16 ./Core/Src/main.o
 .debug_macro   0x00000000000167d6       0x20 ./Core/Src/main.o
 .debug_macro   0x00000000000167f6      0x1b7 ./Core/Src/stm32f1xx_hal_msp.o
 .debug_macro   0x00000000000169ad      0x1c1 ./Core/Src/stm32f1xx_it.o
 .debug_macro   0x0000000000016b6e      0x1ad ./Core/Src/system_stm32f1xx.o
 .debug_macro   0x0000000000016d1b      0x1d1 ./Drivers/STM32F1xx_HAL_Driver/Src/stm32f1xx_hal.o
 .debug_macro   0x0000000000016eec      0x1bc ./Drivers/STM32F1xx_HAL_Driver/Src/stm32f1xx_hal_can.o
 .debug_macro   0x00000000000170a8      0x1ad ./Drivers/STM32F1xx_HAL_Driver/Src/stm32f1xx_hal_cortex.o
 .debug_macro   0x0000000000017255      0x218 ./Drivers/STM32F1xx_HAL_Driver/Src/stm32f1xx_hal_gpio.o
 .debug_macro   0x000000000001746d      0x1bf ./Drivers/STM32F1xx_HAL_Driver/Src/stm32f1xx_hal_rcc.o
 .debug_macro   0x000000000001762c      0x1ae ./Drivers/STM32F1xx_HAL_Driver/Src/stm32f1xx_hal_tim.o
 .debug_macro   0x00000000000177da      0x1ad ./Drivers/STM32F1xx_HAL_Driver/Src/stm32f1xx_hal_tim_ex.o
 .debug_macro   0x0000000000017987      0x1ae ./Drivers/STM32F1xx_HAL_Driver/Src/stm32f1xx_hal_uart.o

.debug_line     0x0000000000000000     0xd922
 .debug_line    0x0000000000000000      0xbe2 ./Core/Src/main.o
 .debug_line    0x0000000000000be2      0x820 ./Core/Src/stm32f1xx_hal_msp.o
 .debug_line    0x0000000000001402      0x7d6 ./Core/Src/stm32f1xx_it.o
 .debug_line    0x0000000000001bd8      0x792 ./Core/Src/system_stm32f1xx.o
 .debug_line    0x000000000000236a       0x78 ./Core/Startup/startup_stm32f103c8tx.o
 .debug_line    0x00000000000023e2      0x9bf ./Drivers/STM32F1xx_HAL_Driver/Src/stm32f1xx_hal.o
 .debug_line    0x0000000000002da1     0x1163 ./Drivers/STM32F1xx_HAL_Driver/Src/stm32f1xx_hal_can.o
 .debug_line    0x0000000000003f04      0xba7 ./Drivers/STM32F1xx_HAL_Driver/Src/stm32f1xx_hal_cortex.o
 .debug_line    0x0000000000004aab      0xa58 ./Drivers/STM32F1xx_HAL_Driver/Src/stm32f1xx_hal_gpio.o
 .debug_line    0x0000000000005503      0xdc8 ./Drivers/STM32F1xx_HAL_Driver/Src/stm32f1xx_hal_rcc.o
 .debug_line    0x00000000000062cb     0x34c6 ./Drivers/STM32F1xx_HAL_Driver/Src/stm32f1xx_hal_tim.o
 .debug_line    0x0000000000009791     0x190e ./Drivers/STM32F1xx_HAL_Driver/Src/stm32f1xx_hal_tim_ex.o
 .debug_line    0x000000000000b09f     0x2883 ./Drivers/STM32F1xx_HAL_Driver/Src/stm32f1xx_hal_uart.o

.debug_str      0x0000000000000000    0x8c83d
 .debug_str     0x0000000000000000    0x89b7b ./Core/Src/main.o
                                      0x89fcc (size before relaxing)
 .debug_str     0x0000000000089b7b       0xe4 ./Core/Src/stm32f1xx_hal_msp.o
                                      0x86232 (size before relaxing)
 .debug_str     0x0000000000089c5f       0xc9 ./Core/Src/stm32f1xx_it.o
                                      0x85823 (size before relaxing)
 .debug_str     0x0000000000089d28       0x7e ./Core/Src/system_stm32f1xx.o
                                      0x85839 (size before relaxing)
 .debug_str     0x0000000000089da6       0x34 ./Core/Startup/startup_stm32f103c8tx.o
                                         0x75 (size before relaxing)
 .debug_str     0x0000000000089dda      0x5fb ./Drivers/STM32F1xx_HAL_Driver/Src/stm32f1xx_hal.o
                                      0x85f6c (size before relaxing)
 .debug_str     0x000000000008a3d5      0x42c ./Drivers/STM32F1xx_HAL_Driver/Src/stm32f1xx_hal_can.o
                                      0x86041 (size before relaxing)
 .debug_str     0x000000000008a801      0x293 ./Drivers/STM32F1xx_HAL_Driver/Src/stm32f1xx_hal_cortex.o
                                      0x85eb8 (size before relaxing)
 .debug_str     0x000000000008aa94      0x2d3 ./Drivers/STM32F1xx_HAL_Driver/Src/stm32f1xx_hal_gpio.o
                                      0x85bbf (size before relaxing)
 .debug_str     0x000000000008ad67      0x229 ./Drivers/STM32F1xx_HAL_Driver/Src/stm32f1xx_hal_rcc.o
                                      0x85c68 (size before relaxing)
 .debug_str     0x000000000008af90      0xdfd ./Drivers/STM32F1xx_HAL_Driver/Src/stm32f1xx_hal_tim.o
                                      0x86c6a (size before relaxing)
 .debug_str     0x000000000008bd8d      0x493 ./Drivers/STM32F1xx_HAL_Driver/Src/stm32f1xx_hal_tim_ex.o
                                      0x86476 (size before relaxing)
 .debug_str     0x000000000008c220      0x61d ./Drivers/STM32F1xx_HAL_Driver/Src/stm32f1xx_hal_uart.o
                                      0x862d9 (size before relaxing)

.debug_frame    0x0000000000000000     0x3790
 .debug_frame   0x0000000000000000      0x1f8 ./Core/Src/main.o
 .debug_frame   0x00000000000001f8      0x13c ./Core/Src/stm32f1xx_hal_msp.o
 .debug_frame   0x0000000000000334      0x104 ./Core/Src/stm32f1xx_it.o
 .debug_frame   0x0000000000000438       0x58 ./Core/Src/system_stm32f1xx.o
 .debug_frame   0x0000000000000490      0x334 ./Drivers/STM32F1xx_HAL_Driver/Src/stm32f1xx_hal.o
 .debug_frame   0x00000000000007c4      0x5a0 ./Drivers/STM32F1xx_HAL_Driver/Src/stm32f1xx_hal_can.o
 .debug_frame   0x0000000000000d64      0x428 ./Drivers/STM32F1xx_HAL_Driver/Src/stm32f1xx_hal_cortex.o
 .debug_frame   0x000000000000118c      0x14c ./Drivers/STM32F1xx_HAL_Driver/Src/stm32f1xx_hal_gpio.o
 .debug_frame   0x00000000000012d8      0x218 ./Drivers/STM32F1xx_HAL_Driver/Src/stm32f1xx_hal_rcc.o
 .debug_frame   0x00000000000014f0     0x11b8 ./Drivers/STM32F1xx_HAL_Driver/Src/stm32f1xx_hal_tim.o
 .debug_frame   0x00000000000026a8      0x638 ./Drivers/STM32F1xx_HAL_Driver/Src/stm32f1xx_hal_tim_ex.o
 .debug_frame   0x0000000000002ce0      0x944 ./Drivers/STM32F1xx_HAL_Driver/Src/stm32f1xx_hal_uart.o
 .debug_frame   0x0000000000003624       0x20 C:/ST/STM32CubeIDE_1.12.0/STM32CubeIDE/plugins/com.st.stm32cube.ide.mcu.externaltools.gnu-tools-for-stm32.11.3.rel1.win32_1.1.1.202309131626/tools/bin/../lib/gcc/arm-none-eabi/11.3.1/../../../../arm-none-eabi/lib/thumb/v7-m/nofp\libc_nano.a(libc_a-memset.o)
 .debug_frame   0x0000000000003644       0x2c C:/ST/STM32CubeIDE_1.12.0/STM32CubeIDE/plugins/com.st.stm32cube.ide.mcu.externaltools.gnu-tools-for-stm32.11.3.rel1.win32_1.1.1.202309131626/tools/bin/../lib/gcc/arm-none-eabi/11.3.1/../../../../arm-none-eabi/lib/thumb/v7-m/nofp\libc_nano.a(libc_a-init.o)
 .debug_frame   0x0000000000003670       0xac C:/ST/STM32CubeIDE_1.12.0/STM32CubeIDE/plugins/com.st.stm32cube.ide.mcu.externaltools.gnu-tools-for-stm32.11.3.rel1.win32_1.1.1.202309131626/tools/bin/../lib/gcc/arm-none-eabi/11.3.1/thumb/v7-m/nofp\libgcc.a(_arm_addsubdf3.o)
 .debug_frame   0x000000000000371c       0x50 C:/ST/STM32CubeIDE_1.12.0/STM32CubeIDE/plugins/com.st.stm32cube.ide.mcu.externaltools.gnu-tools-for-stm32.11.3.rel1.win32_1.1.1.202309131626/tools/bin/../lib/gcc/arm-none-eabi/11.3.1/thumb/v7-m/nofp\libgcc.a(_arm_muldivdf3.o)
 .debug_frame   0x000000000000376c       0x24 C:/ST/STM32CubeIDE_1.12.0/STM32CubeIDE/plugins/com.st.stm32cube.ide.mcu.externaltools.gnu-tools-for-stm32.11.3.rel1.win32_1.1.1.202309131626/tools/bin/../lib/gcc/arm-none-eabi/11.3.1/thumb/v7-m/nofp\libgcc.a(_arm_fixdfsi.o)

.debug_line_str
                0x0000000000000000       0x69
 .debug_line_str
                0x0000000000000000       0x69 ./Core/Startup/startup_stm32f103c8tx.o
                                         0x81 (size before relaxing)
