../Core/Src/main.c:91:6:forward_to_rover	16	static
../Core/Src/main.c:95:6:process_qird	24	static
../Core/Src/main.c:126:10:count_digit	24	static
../Core/Src/main.c:136:6:process_qird1	24	static
../Core/Src/main.c:186:6:process_stream	24	static
../Core/Src/main.c:207:5:main	16	static
../Core/Src/main.c:335:6:SystemClock_Config	72	static
../Core/Src/main.c:369:13:MX_USART1_UART_Init	8	static
../Core/Src/main.c:400:13:MX_USART2_UART_Init	8	static
../Core/Src/main.c:431:13:MX_GPIO_Init	32	static
../Core/Src/main.c:465:6:SerialWrite	24	static
../Core/Src/main.c:473:6:ec200u_reset	8	static
../Core/Src/main.c:481:19:Send_and_read_AT_Command_	120	static
../Core/Src/main.c:547:6:check_status	8	static
../Core/Src/main.c:556:6:is_app_flash_erased	16	static
../Core/Src/main.c:565:6:Erase_application_area	32	static
../Core/Src/main.c:587:6:goto_application	24	static,ignoring_inline_asm
../Core/Src/main.c:622:6:perform_OTA	408	static
../Core/Src/main.c:778:6:Error_Handler	4	static,ignoring_inline_asm
